[writerity.com/index.html]
[backblue.gif]
[fade.gif]
[index.html]
[writerity.com/wp-includes/css/dist/block-library/style.mind6eb.css]
[writerity.com/wp-content/plugins/contact-form-7/includes/css/styles38c6.css]
[writerity.com/feed/index.html]
[writerity.com/comments/feed/index.html]
[writerity.com/wp-content/uploads/pz-linkcard/styled6eb.css]
[writerity.com/wp-content/plugins/table-of-contents-plus/screen.min673a.css]
[writerity.com/wp-content/plugins/wordpress-popular-posts/assets/css/wpp4d2c.css]
[writerity.com/wp-content/themes/bezel-wp/assets/css/bundled6eb.css]
[writerity.com/wp-content/themes/bezel-wp/assets/css/hody-iconsd6eb.css]
[writerity.com/wp-content/themes/bezel-wp/styled6eb.css]
[writerity.com/wp-content/plugins/js_composer/assets/css/js_composer.mine23c.css]
[writerity.com/wp-content/uploads/wp-less-cache/theme-less2e3b.css]
[writerity.com/wp-includes/js/jquery/jquery4a5f.js]
[writerity.com/wp-includes/js/jquery/jquery-migrate.min330a.js]
[writerity.com/wp-content/plugins/wordpress-popular-posts/assets/js/wpp.min4d2c.js]
[writerity.com/xmlrpc0db0.php]
[writerity.com/wp-includes/wlwmanifest.xml]
[writerity.com/wp-json/index.html]
[writerity.com/wp-json/oembed/1.0/embedf729.json]
[writerity.com/wp-json/oembed/1.0/embed05ec]
[writerity.com/wp-content/uploads/2019/12/cropped-writerrity_logo_alpha_250x250px-2-32x32.png]
[writerity.com/wp-content/uploads/2019/12/cropped-writerrity_logo_alpha_250x250px-2-192x192.png]
[writerity.com/wp-content/uploads/2019/12/cropped-writerrity_logo_alpha_250x250px-2-180x180.png]
[writerity.com/wp-content/uploads/2019/12/writerrity_logo.png]
[writerity.com/wp-content/uploads/2019/12/writerrity_logo_1.png]
[writerity.com/jp/index.html]
[writerity.com/wp-content/uploads/2023/05/finalfront.png]
[writerity.com/company/index.html]
[writerity.com/wp-content/uploads/2019/12/l-about.jpg]
[writerity.com/service/index.html]
[writerity.com/blog_list/index.html]
[writerity.com/wp-content/uploads/2019/12/m-mission.jpg]
[writerity.com/wp-content/uploads/2019/12/m-service.jpg]
[writerity.com/recruitment/index.html]
[writerity.com/inquiry/index.html]
[writerity.com/wp-content/uploads/2019/12/Pslogo-300x300-1-150x150.jpg]
[writerity.com/wp-content/uploads/2019/12/ai-300x292-150x150.png]
[writerity.com/wp-content/uploads/2019/12/Aelogo-300x292-150x150.png]
[writerity.com/wp-content/uploads/2019/12/laravel-1-150x150.png]
[writerity.com/wp-content/uploads/2019/12/vuejs-1-1-150x150.jpg]
[writerity.com/wp-content/uploads/2019/12/nginx-150x150.png]
[writerity.com/wp-content/uploads/2019/12/swift-150x150.png]
[writerity.com/wp-content/uploads/2019/12/android-logo-300x219-150x150.jpg]
[writerity.com/wp-content/uploads/2019/12/aws-150x150.jpg]
[writerity.com/wp-content/uploads/2019/12/docker-150x150.png]
[writerity.com/wp-content/uploads/2019/12/tensorflow-150x150.png]
[writerity.com/wp-content/uploads/2019/12/blockchain-1-150x150.jpg]
[writerity.com/wp-content/uploads/2021/07/adjusted-logo-01.png]
[writerity.com/wp-content/uploads/2021/07/adjusted-Semos-edukacija_latinica.png]
[writerity.com/wp-content/uploads/2021/07/adjusted-brainster-1.png]
[writerity.com/wp-content/uploads/2021/08/javen-advertising-trans.png]
[writerity.com/wp-content/uploads/2022/04/CreativeHub_logo_Black-300x150.png]
[writerity.com/wp-content/uploads/2019/12/writerrity_logo_alpha_250x250px-1.png]
[writerity.com/jp/blog/system-ordering/internal-sns-tool.html]
[writerity.com/jp/blog/system-ordering/crm-ma-tools/index.html]
[writerity.com/jp/blog/system-ordering/extension-function-development.html]
[writerity.com/jp/blog/system-ordering/cms-development.html]
[writerity.com/jp/blog/callcenter-outsourcing/telephone-answering-service-24hours.html]
[writerity.com/jp/blog/system-ordering/what-can-bitool-do.html]
[writerity.com/wp-content/plugins/js_composer/assets/lib/bower/font-awesome/css/font-awesome.mine23c.css]
[writerity.com/wp-content/plugins/contact-form-7/includes/js/scripts38c6.js]
[writerity.com/wp-content/plugins/copy-the-code/assets/js/copy-the-codee7f0.js]
[writerity.com/wp-content/plugins/table-of-contents-plus/front.min673a.js]
[writerity.com/wp-content/themes/bezel-wp/assets/js/bundled6eb.js]
[writerity.com/wp-content/themes/bezel-wp/assets/js/maind6eb.js]
[writerity.com/wp-content/themes/bezel-wp/assets/js/SmoothScrolld6eb.js]
[writerity.com/wp-includes/js/wp-embed.mind6eb.js]
[writerity.com/index.html]
[writerity.com/wp-includes/css/dist/block-library/style.mind6eb.css]
[writerity.com/wp-content/plugins/js_composer/assets/js/dist/js_composer_front.mine23c.js]
[writerity.com/wp-content/plugins/contact-form-7/images/ajax-loader.gif]
[writerity.com/wp-content/plugins/contact-form-7/includes/css/styles38c6.css]
[writerity.com/wp-content/plugins/copy-the-code/assets/css/copy-the-codee7f0.css]
[writerity.com/wp-content/uploads/pz-linkcard/styled6eb.css]
[writerity.com/wp-content/plugins/table-of-contents-plus/screen.min673a.css]
[writerity.com/wp-content/plugins/wordpress-popular-posts/assets/css/wpp4d2c.css]
[writerity.com/wp-content/themes/bezel-wp/assets/fonts/glyphicons-halflings-regular.eot]
[writerity.com/wp-content/themes/bezel-wp/assets/fonts/glyphicons-halflings-regulard41d.eot]
[writerity.com/wp-content/themes/bezel-wp/assets/fonts/glyphicons-halflings-regular.woff2]
[writerity.com/wp-content/themes/bezel-wp/assets/fonts/glyphicons-halflings-regular.woff]
[writerity.com/wp-content/themes/bezel-wp/assets/fonts/glyphicons-halflings-regular.ttf]
[writerity.com/wp-content/themes/bezel-wp/assets/fonts/glyphicons-halflings-regular.svg]
[writerity.com/wp-content/themes/bezel-wp/assets/css/bundled6eb.css]
[writerity.com/wp-content/themes/bezel-wp/assets/fonts/hody-icons.eot]
[writerity.com/wp-content/themes/bezel-wp/assets/fonts/hody-iconsd41d.eot]
[writerity.com/wp-content/themes/bezel-wp/assets/fonts/hody-icons.woff]
[writerity.com/wp-content/themes/bezel-wp/assets/fonts/hody-icons.ttf]
[writerity.com/wp-content/themes/bezel-wp/assets/css/hody-iconsd6eb.css]
[writerity.com/wp-content/themes/bezel-wp/assets/fonts/hody-icons.svg]
[writerity.com/wp-content/themes/bezel-wp/assets/images/dotted-map.png]
[writerity.com/wp-content/themes/bezel-wp/styled6eb.css]
[writerity.com/wp-content/themes/bezel-wp/assets/images/preloader.svg]
[writerity.com/wp-content/plugins/js_composer/assets/vc/alert.png]
[writerity.com/wp-content/plugins/js_composer/assets/vc/info.png]
[writerity.com/wp-content/plugins/js_composer/assets/vc/tick.png]
[writerity.com/wp-content/plugins/js_composer/assets/vc/exclamation.png]
[writerity.com/wp-content/plugins/js_composer/assets/images/icons/address-book.png]
[writerity.com/wp-content/plugins/js_composer/assets/images/icons/alarm-clock.png]
[writerity.com/wp-content/plugins/js_composer/assets/images/icons/anchor.png]
[writerity.com/wp-content/plugins/js_composer/assets/images/icons/application-image.png]
[writerity.com/wp-content/plugins/js_composer/assets/images/icons/arrow.png]
[writerity.com/wp-content/plugins/js_composer/assets/images/icons/asterisk.png]
[writerity.com/wp-content/plugins/js_composer/assets/images/icons/auction-hammer.png]
[writerity.com/wp-content/plugins/js_composer/assets/images/icons/balloon.png]
[writerity.com/wp-content/plugins/js_composer/assets/images/icons/balloon-buzz.png]
[writerity.com/wp-content/plugins/js_composer/assets/images/icons/balloon-facebook.png]
[writerity.com/wp-content/plugins/js_composer/assets/images/icons/balloon-twitter.png]
[writerity.com/wp-content/plugins/js_composer/assets/images/icons/battery-full.png]
[writerity.com/wp-content/plugins/js_composer/assets/images/icons/binocular.png]
[writerity.com/wp-content/plugins/js_composer/assets/images/icons/blue-document-excel.png]
[writerity.com/wp-content/plugins/js_composer/assets/images/icons/blue-document-image.png]
[writerity.com/wp-content/plugins/js_composer/assets/images/icons/blue-document-music.png]
[writerity.com/wp-content/plugins/js_composer/assets/images/icons/blue-document-office.png]
[writerity.com/wp-content/plugins/js_composer/assets/images/icons/blue-document-pdf.png]
[writerity.com/wp-content/plugins/js_composer/assets/images/icons/blue-document-powerpoint.png]
[writerity.com/wp-content/plugins/js_composer/assets/images/icons/blue-document-word.png]
[writerity.com/wp-content/plugins/js_composer/assets/images/icons/bookmark.png]
[writerity.com/wp-content/plugins/js_composer/assets/images/icons/camcorder.png]
[writerity.com/wp-content/plugins/js_composer/assets/images/icons/camera.png]
[writerity.com/wp-content/plugins/js_composer/assets/images/icons/chart.png]
[writerity.com/wp-content/plugins/js_composer/assets/images/icons/chart-pie.png]
[writerity.com/wp-content/plugins/js_composer/assets/images/icons/clock.png]
[writerity.com/wp-content/plugins/js_composer/assets/images/icons/control.png]
[writerity.com/wp-content/plugins/js_composer/assets/images/icons/fire.png]
[writerity.com/wp-content/plugins/js_composer/assets/images/icons/heart.png]
[writerity.com/wp-content/plugins/js_composer/assets/images/icons/mail.png]
[writerity.com/wp-content/plugins/js_composer/assets/images/icons/plus-shield.png]
[writerity.com/wp-content/plugins/js_composer/assets/images/icons/video.png]
[writerity.com/wp-content/plugins/js_composer/assets/fonts/vc_icons_v2/fonts/vcpb-plugin-iconsb82a.eot]
[writerity.com/wp-content/plugins/js_composer/assets/fonts/vc_icons_v2/fonts/vcpb-plugin-iconsb82a.ttf]
[writerity.com/wp-content/plugins/js_composer/assets/fonts/vc_icons_v2/fonts/vcpb-plugin-iconsb82a.woff]
[writerity.com/wp-content/plugins/js_composer/assets/fonts/vc_icons_v2/fonts/vcpb-plugin-iconsb82a.svg]
[writerity.com/wp-content/plugins/js_composer/assets/images/toggle_open.png]
[writerity.com/wp-content/plugins/js_composer/assets/images/toggle_close.png]
[writerity.com/wp-content/plugins/js_composer/assets/images/flickr.png]
[writerity.com/wp-content/plugins/js_composer/assets/fonts/vc_grid/vc_grid_v157a1.eot]
[writerity.com/wp-content/plugins/js_composer/assets/fonts/vc_grid/vc_grid_v1d41d.eot]
[writerity.com/wp-content/plugins/js_composer/assets/fonts/vc_grid/vc_grid_v157a1.woff]
[writerity.com/wp-content/plugins/js_composer/assets/fonts/vc_grid/vc_grid_v157a1.ttf]
[writerity.com/wp-content/plugins/js_composer/assets/fonts/vc_grid/vc_grid_v157a1.svg]
[writerity.com/wp-content/plugins/js_composer/assets/images/spinner.gif]
[writerity.com/wp-content/plugins/js_composer/assets/vc/remove.png]
[writerity.com/wp-content/plugins/js_composer/assets/css/js_composer.mine23c.css]
[writerity.com/wp-content/uploads/wp-less-cache/theme-less2e3b.css]
[writerity.com/wp-json/oembed/1.0/embed664a.json]
[writerity.com/wp-json/oembed/1.0/embedf03e]
[writerity.com/wp-content/uploads/2025/10/image_top_key_01.jpg]
[writerity.com/jp/index.html]
[writerity.com/jp/company/index.html]
[writerity.com/jp/jp-service/index.html]
[writerity.com/jp/recruitment/index.html]
[writerity.com/jp/recruitment/designer/index.html]
[writerity.com/jp/recruitment/bridge_se/index.html]
[writerity.com/jp/jp-recruitment/infrastructure_engineer/index.html]
[writerity.com/jp/jp-recruitment/callcenter/index.html]
[writerity.com/jp/recruitment/volunteer/index.html]
[writerity.com/jp/inquiry/index.html]
[writerity.com/wp-json/oembed/1.0/embed943f.json]
[writerity.com/jp/blogs-jp/index.html]
[writerity.com/wp-json/oembed/1.0/embed4af3]
[writerity.com/wp-content/uploads/2023/01/iStock-964867098.jpg]
[writerity.com/wp-content/uploads/2024/10/0808-1-300x225.jpg]
[writerity.com/company/index.html]
[writerity.com/wp-json/oembed/1.0/embedd85c.json]
[writerity.com/wp-json/oembed/1.0/embed8721]
[writerity.com/blog/image-video-outsourcing/video-production-industry.html]
[writerity.com/blog/image-video-outsourcing/video-production-specialist.html]
[writerity.com/blog/image-video-outsourcing/outsourcing-wedding-video-editing.html]
[writerity.com/blog/image-video-outsourcing/video-production-definition.html]
[writerity.com/blog/image-video-outsourcing/video-production-team.html]
[writerity.com/category/image-video-outsourcing.html]
[writerity.com/blog/system-ordering/system-development-steps.html]
[writerity.com/blog/system-ordering/system-development-theory.html]
[writerity.com/blog/system-ordering/dynamic-system-development-method.html]
[writerity.com/blog/system-ordering/system-development-waterfall-model.html]
[writerity.com/blog/system-ordering/system-development-phase.html]
[writerity.com/category/system-development-outsourcing.html]
[writerity.com/blog/call-center-outsourcing/call-center-agent.html]
[writerity.com/blog/call-center-outsourcing/callcenter-responsibilities.html]
[writerity.com/category/call-center-outsourcing.html]
[writerity.com/wp-content/uploads/2019/08/jetro-300x170.jpg]
[writerity.com/wp-content/uploads/2018/07/Logo_Writerity-300x200.png]
[writerity.com/blog_list/index.html]
[writerity.com/category/news/index.html]
[writerity.com/interviewed-by-jetro-japan-external-trade-organization/index.html]
[writerity.com/wp-json/oembed/1.0/embedfc06.json]
[writerity.com/wp-json/oembed/1.0/embedaa3a]
[writerity.com/wp-content/uploads/2019/12/featured-image.jpg]
[writerity.com/wp-content/uploads/2024/10/0808-1.jpg]
[writerity.com/service/index.html]
[writerity.com/wp-json/oembed/1.0/embed3232.json]
[writerity.com/recruitment/index.html]
[writerity.com/wp-json/oembed/1.0/embeda426]
[writerity.com/wp-json/oembed/1.0/embed3929.json]
[writerity.com/inquiry/index.html]
[writerity.com/wp-json/oembed/1.0/embedbe1a]
[writerity.com/wp-json/oembed/1.0/embed2cd7.json]
[writerity.com/jp/blog/system-ordering/crm-ma-tools/feed/index.html]
[writerity.com/wp-json/oembed/1.0/embedbcdc]
[writerity.com/category/jp/system-ordering.html]
[writerity.com/jp/blog/system-ordering/crm-ma-tools/index.html]
[writerity.com/wp-includes/js/comment-reply.mind6eb.js]
[writerity.com/category/jp/news/index.html]
[writerity.com/tag/webアプリ/index.html]
[writerity.com/author/yuki-takahira/index.html]
[writerity.com/tag/システム開発/index.html]
[writerity.com/wp-json/oembed/1.0/embed9398.json]
[writerity.com/tag/依頼/index.html]
[writerity.com/tag/外注/index.html]
[writerity.com/tag/受注/index.html]
[writerity.com/jp/blog/system-ordering/internal-sns-tool.html]
[writerity.com/wp-json/oembed/1.0/embeda95f]
[writerity.com/tag/発注/index.html]
[writerity.com/jp/blog/system-ordering/internal-sns-tool/feed/index.html]
[writerity.com/wp-json/oembed/1.0/embed25bf.json]
[writerity.com/jp/blog/system-ordering/extension-function-development/feed/index.html]
[writerity.com/jp/blog/system-ordering/extension-function-development.html]
[writerity.com/wp-json/oembed/1.0/embed7d9e]
[writerity.com/wp-json/oembed/1.0/embedcb80.json]
[writerity.com/jp/blog/system-ordering/cms-development/feed/index.html]
[writerity.com/jp/blog/system-ordering/cms-development.html]
[writerity.com/wp-json/oembed/1.0/embed2831]
[writerity.com/wp-json/oembed/1.0/embedbef5.json]
[writerity.com/jp/blog/callcenter-outsourcing/telephone-answering-service-24hours/feed/index.html]
[writerity.com/wp-json/oembed/1.0/embed79c9]
[writerity.com/jp/blog/callcenter-outsourcing/telephone-answering-service-24hours.html]
[writerity.com/category/jp/callcenter-outsourcing.html]
[writerity.com/tag/コールセンター/index.html]
[writerity.com/jp/blog/system-ordering/what-can-bitool-do/feed/index.html]
[writerity.com/jp/blog/callcenter-outsourcing/service-will-call-your-behalf.html]
[writerity.com/wp-json/oembed/1.0/embedf4e4.json]
[writerity.com/jp/blog/system-ordering/what-can-bitool-do.html]
[writerity.com/wp-json/oembed/1.0/embed9970]
[writerity.com/wp-content/plugins/js_composer/assets/lib/bower/font-awesome/fonts/fontawesome-webfont3e6e.eot]
[writerity.com/wp-content/plugins/js_composer/assets/lib/bower/font-awesome/fonts/fontawesome-webfont3e6e.woff2]
[writerity.com/wp-content/plugins/js_composer/assets/lib/bower/font-awesome/fonts/fontawesome-webfontd41d.eot]
[writerity.com/wp-content/plugins/js_composer/assets/lib/bower/font-awesome/fonts/fontawesome-webfont3e6e.woff]
[writerity.com/wp-content/plugins/js_composer/assets/lib/bower/font-awesome/fonts/fontawesome-webfont3e6e.ttf]
[writerity.com/wp-content/plugins/js_composer/assets/lib/bower/font-awesome/css/font-awesome.mine23c.css]
[writerity.com/wp-content/themes/bezel-wp/assets/fonts/glyphicons-halflings-regular.html]
[writerity.com/wp-content/themes/bezel-wp/assets/fonts/glyphicons-halflings-regulard41d.html]
[writerity.com/wp-content/themes/bezel-wp/assets/fonts/glyphicons-halflings-regular-2.html]
[writerity.com/wp-content/themes/bezel-wp/assets/fonts/glyphicons-halflings-regular-3.html]
[writerity.com/wp-content/themes/bezel-wp/assets/fonts/glyphicons-halflings-regular-4.html]
[writerity.com/wp-content/themes/bezel-wp/assets/fonts/glyphicons-halflings-regular-5.html]
[writerity.com/wp-content/themes/bezel-wp/assets/fonts/hody-icons.svg]
[writerity.com/wp-content/themes/bezel-wp/assets/images/preloader.svg]
[writerity.com/wp-content/plugins/js_composer/assets/fonts/vc_icons_v2/fonts/vcpb-plugin-iconsb82a.svg]
[writerity.com/wp-content/plugins/js_composer/assets/vc/blur.svg]
[writerity.com/wp-content/plugins/js_composer/assets/fonts/vc_grid/vc_grid_v157a1.svg]
[writerity.com/index8f42.html]
[writerity.com/wp-content/plugins/js_composer/assets/lib/bower/font-awesome/fonts/fontawesome-webfont3e6e.svg]
[writerity.com/wp-json/oembed/1.0/embed8231.json]
[writerity.com/jp/company/index.html]
[writerity.com/wp-json/oembed/1.0/embed7884]
[writerity.com/wp-json/oembed/1.0/embedd593.json]
[writerity.com/wp-json/oembed/1.0/embed97f0]
[writerity.com/jp/blog/design-outsourcing/wedding-video-production.html]
[writerity.com/jp/blog/design-outsourcing/video-production-request-process.html]
[writerity.com/jp/blog/design-outsourcing/youtube-video-production-company.html]
[writerity.com/jp/blog/design-outsourcing/video-editing-average-10minutes.html]
[writerity.com/jp/blog/design-outsourcing/youtube-video-editing-market-price.html]
[writerity.com/category/jp/design-outsourcing.html]
[writerity.com/jp/blog/system-ordering/html-wordpress.html]
[writerity.com/jp/blog/system-ordering/sales-managementsystem-wholesale.html]
[writerity.com/jp/blog/system-ordering/order-management-system.html]
[writerity.com/jp/blog/system-ordering/custom-ordering-system.html]
[writerity.com/jp/blog/system-ordering/order-management-system-manufacturing.html]
[writerity.com/jp/blog/system-ordering/order-management-system-cloud.html]
[writerity.com/jp/blog/callcenter-outsourcing/telephone-answering-service-providers.html]
[writerity.com/jp/blog/callcenter-outsourcing/callcenter-agency-cheap.html]
[writerity.com/jp/blog/recruitment_callcenter/callcenter-outsourcing-advantages-disadvantages.html]
[writerity.com/jp/jp-service/index.html]
[writerity.com/jp/blog/recruitment_callcenter/nighttime-callcenter-outsourcing.html]
[writerity.com/wp-json/oembed/1.0/embed0c2b.json]
[writerity.com/wp-json/oembed/1.0/embed5a41]
[writerity.com/jp/blog/index.html]
[writerity.com/jp/http_/writerity.com/blog_list]
[writerity.com/jp/recruitment/index.html]
[writerity.com/jp/recruitment/infrastructure_engineer/index.html]
[writerity.com/jp/recruitment/ai-system-development-manager/index.html]
[writerity.com/wp-json/oembed/1.0/embed051d.json]
[writerity.com/jp/recruitment/callcenter/index.html]
[writerity.com/wp-json/oembed/1.0/embed2a75]
[writerity.com/jp/blog/design_designer/designer/designers-thoughts-working-abroad.html]
[writerity.com/jp/blog/design_designer/designer/designer_moving_abroad.html]
[writerity.com/jp/blog/design_designer/designer/web-designer-overseas-jobs.html]
[writerity.com/jp/blog/design_designer/designer/web-designer-emigration.html]
[writerity.com/jp/recruitment/designer/index.html]
[writerity.com/jp/blog/design_designer/designer/overseas-demand-web-designers.html]
[writerity.com/wp-json/oembed/1.0/embedcdcd.json]
[writerity.com/jp/jp-recruitment/infrastructure_engineer/index.html]
[writerity.com/wp-json/oembed/1.0/embed3176]
[writerity.com/wp-json/oembed/1.0/embedaf77.json]
[writerity.com/jp/recruitment/bridge_se/index.html]
[writerity.com/wp-json/oembed/1.0/embed773c]
[writerity.com/wp-json/oembed/1.0/embedade4.json]
[writerity.com/wp-json/oembed/1.0/embedac7d]
[writerity.com/jp/blog/recruitment_callcenter/overseas-callcenter-japanese-only.html]
[writerity.com/jp/jp-recruitment/callcenter/index.html]
[writerity.com/jp/blog/recruitment_callcenter/why-callcenters-overseas.html]
[writerity.com/wp-json/oembed/1.0/embed554b.json]
[writerity.com/jp/recruitment/volunteer/index.html]
[writerity.com/wp-json/oembed/1.0/embed29f7]
[writerity.com/wp-json/oembed/1.0/embed5430.json]
[writerity.com/jp/inquiry/index.html]
[writerity.com/jp/service/index.html]
[writerity.com/jp/inquiry-jp/index.html]
[writerity.com/jp/blogs-jp/index.html]
[writerity.com/index8440.html]
[writerity.com/index52b1.html]
[writerity.com/wp-json/oembed/1.0/embed4fcb]
[writerity.com/blog/image-video-outsourcing/video-production-industry.html]
[writerity.com/wp-json/oembed/1.0/embedc85e.json]
[writerity.com/blog/image-video-outsourcing/video-production-industry/feed/index.html]
[writerity.com/wp-json/oembed/1.0/embed6806.json]
[writerity.com/tag/outsourcing/index.html]
[writerity.com/tag/order/index.html]
[writerity.com/tag/request/index.html]
[writerity.com/wp-json/oembed/1.0/embed772a]
[writerity.com/blog/image-video-outsourcing/video-production-specialist.html]
[writerity.com/tag/video/index.html]
[writerity.com/blog/image-video-outsourcing/video-production-specialist/feed/index.html]
[writerity.com/wp-json/oembed/1.0/embed5282.json]
[writerity.com/blog/image-video-outsourcing/outsourcing-wedding-video-editing/feed/index.html]
[writerity.com/blog/image-video-outsourcing/outsourcing-wedding-video-editing.html]
[writerity.com/wp-json/oembed/1.0/embed61f4]
[writerity.com/wp-json/oembed/1.0/embed8677.json]
[writerity.com/blog/image-video-outsourcing/video-production-definition/feed/index.html]
[writerity.com/blog/image-video-outsourcing/video-production-definition.html]
[writerity.com/wp-json/oembed/1.0/embeda396]
[writerity.com/wp-json/oembed/1.0/embedf234.json]
[writerity.com/blog/image-video-outsourcing/video-production-team/feed/index.html]
[writerity.com/blog/image-video-outsourcing/video-production-team.html]
[writerity.com/category/image-video-outsourcing.html]
[writerity.com/wp-json/oembed/1.0/embed0f0b]
[writerity.com/wp-json/oembed/1.0/embedb5f6.json]
[writerity.com/category/image-video-outsourcing/feed/index.html]
[writerity.com/blog/system-ordering/system-development-steps/feed/index.html]
[writerity.com/wp-json/oembed/1.0/embed40c5]
[writerity.com/blog/system-ordering/system-development-steps.html]
[writerity.com/tag/system-development/index.html]
[writerity.com/wp-json/oembed/1.0/embede4e7.json]
[writerity.com/tag/web-app/index.html]
[writerity.com/wp-json/oembed/1.0/embed51b1]
[writerity.com/blog/system-ordering/system-development-theory/feed/index.html]
[writerity.com/blog/system-ordering/system-development-theory.html]
[writerity.com/wp-json/oembed/1.0/embede33d.json]
[writerity.com/blog/system-ordering/dynamic-system-development-method/feed/index.html]
[writerity.com/wp-json/oembed/1.0/embedda0d]
[writerity.com/blog/system-ordering/dynamic-system-development-method.html]
[writerity.com/wp-json/oembed/1.0/embed8eba.json]
[writerity.com/blog/system-ordering/system-development-waterfall-model/feed/index.html]
[writerity.com/wp-json/oembed/1.0/embed7839]
[writerity.com/blog/system-ordering/system-development-waterfall-model.html]
[writerity.com/wp-json/oembed/1.0/embed9966.json]
[writerity.com/blog/system-ordering/system-development-phase/feed/index.html]
[writerity.com/wp-json/oembed/1.0/embedcb4c]
[writerity.com/blog/system-ordering/system-development-phase.html]
[writerity.com/category/system-development-outsourcing.html]
[writerity.com/wp-json/oembed/1.0/embed9629.json]
[writerity.com/category/system-development-outsourcing/feed/index.html]
[writerity.com/blog/call-center-outsourcing/call-center-agent/feed/index.html]
[writerity.com/blog/call-center-outsourcing/call-center-agent.html]
[writerity.com/wp-json/oembed/1.0/embede0e7]
[writerity.com/wp-json/oembed/1.0/embedb37a.json]
[writerity.com/tag/call-center/index.html]
[writerity.com/blog/call-center-outsourcing/callcenter-responsibilities/feed/index.html]
[writerity.com/blog/call-center-outsourcing/callcenter-responsibilities.html]
[writerity.com/category/call-center-outsourcing.html]
[writerity.com/category/news/index.html]
[writerity.com/wp-json/oembed/1.0/embed278f]
[writerity.com/category/call-center-outsourcing/feed/index.html]
[writerity.com/wp-json/oembed/1.0/embedf30d.json]
[writerity.com/category/news/page/2/index.html]
[writerity.com/category/news/feed/index.html]
[writerity.com/interviewed-by-jetro-japan-external-trade-organization/feed/index.html]
[writerity.com/wp-json/oembed/1.0/embeda1e0]
[writerity.com/jp/blog/volunteer/1st/1day/index.html]
[writerity.com/wp-content/uploads/2019/08/jetro.jpg]
[writerity.com/interviewed-by-jetro-japan-external-trade-organization/index.html]
[writerity.com/author/watanabe/index.html]
[writerity.com/indexe5d5.html]
[writerity.com/tag/スコピエ/index.html]
[writerity.com/index4f9f.html]
[writerity.com/tag/マケドニア/index.html]
[writerity.com/tag/macedonia/index.html]
[writerity.com/tag/ヨーロッパ/index.html]
[writerity.com/indexbdcc.html]
[writerity.com/indexe4d0.html]
[writerity.com/tag/jetro/index.html]
[writerity.com/tag/skopje/index.html]
[writerity.com/welcome-to-writerity/index.html]
[writerity.com/jp/blog/system-ordering/in-house-system-selfmade.html]
[writerity.com/category/jp/system-ordering/page/2/index.html]
[writerity.com/category/jp/system-ordering/feed/index.html]
[writerity.com/jp/blog/system-ordering/wordpress-plugin-development.html]
[writerity.com/category/jp/system-ordering.html]
[writerity.com/category/jp/news/index.html]
[writerity.com/jp/blog/system-ordering/wordpress-theme-development.html]
[writerity.com/author/yuki-takahira/index.html]
[writerity.com/category/jp/news/page/3/index.html]
[writerity.com/category/jp/news/feed/index.html]
[writerity.com/category/jp/news/page/2/index.html]
[writerity.com/tag/webアプリ/index.html]
[writerity.com/category/jp/news/page/8/index.html]
[writerity.com/tag/システム開発/index.html]
[writerity.com/author/yuki-takahira/page/2/index.html]
[writerity.com/tag/依頼/index.html]
[writerity.com/tag/受注/index.html]
[writerity.com/tag/外注/index.html]
[writerity.com/tag/発注/index.html]
[writerity.com/author/yuki-takahira/page/3/index.html]
[writerity.com/author/yuki-takahira/feed/index.html]
[writerity.com/author/yuki-takahira/page/5/index.html]
[writerity.com/index42f3.html]
[writerity.com/index95f4.html]
[writerity.com/index5c96.html]
[writerity.com/index58cf.html]
[writerity.com/category/jp/callcenter-outsourcing.html]
[writerity.com/tag/コールセンター/index.html]
[writerity.com/category/jp/callcenter-outsourcing/feed/index.html]
[writerity.com/wp-json/oembed/1.0/embed17f6.json]
[writerity.com/jp/blog/callcenter-outsourcing/service-will-call-your-behalf/feed/index.html]
[writerity.com/jp/blog/callcenter-outsourcing/service-will-call-your-behalf.html]
[writerity.com/wp-json/oembed/1.0/embed4999]
[writerity.com/index5de0.html]
[writerity.com/wp-content/plugins/js_composer/assets/lib/bower/font-awesome/fonts/fontawesome-webfont3e6e.svg]
[writerity.com/index8cd0.html]
[writerity.com/index4747.html]
[writerity.com/wp-json/oembed/1.0/embedb39c.json]
[writerity.com/jp/blog/design-outsourcing/wedding-video-production/feed/index.html]
[writerity.com/jp/blog/design-outsourcing/wedding-video-production.html]
[writerity.com/wp-json/oembed/1.0/embed0404]
[writerity.com/tag/動画/index.html]
[writerity.com/tag/デザイン/index.html]
[writerity.com/wp-json/oembed/1.0/embedb18c.json]
[writerity.com/jp/blog/design-outsourcing/video-production-request-process/feed/index.html]
[writerity.com/jp/blog/design-outsourcing/video-production-request-process.html]
[writerity.com/wp-json/oembed/1.0/embed9245]
[writerity.com/wp-json/oembed/1.0/embedc9ca.json]
[writerity.com/tag/画像/index.html]
[writerity.com/jp/blog/design-outsourcing/youtube-video-production-company/feed/index.html]
[writerity.com/jp/blog/design-outsourcing/youtube-video-production-company.html]
[writerity.com/wp-json/oembed/1.0/embed278d]
[writerity.com/wp-json/oembed/1.0/embedbfc7.json]
[writerity.com/jp/blog/design-outsourcing/video-editing-average-10minutes/feed/index.html]
[writerity.com/jp/blog/design-outsourcing/video-editing-average-10minutes.html]
[writerity.com/wp-json/oembed/1.0/embed558f]
[writerity.com/wp-json/oembed/1.0/embed2191.json]
[writerity.com/jp/blog/design-outsourcing/youtube-video-editing-market-price/feed/index.html]
[writerity.com/jp/blog/design-outsourcing/youtube-video-editing-market-price.html]
[writerity.com/category/jp/design-outsourcing.html]
[writerity.com/wp-json/oembed/1.0/embedc38b]
[writerity.com/wp-json/oembed/1.0/embedb6a1.json]
[writerity.com/category/jp/design-outsourcing/feed/index.html]
[writerity.com/jp/blog/system-ordering/html-wordpress/feed/index.html]
[writerity.com/jp/blog/system-ordering/html-wordpress.html]
[writerity.com/wp-json/oembed/1.0/embed474b]
[writerity.com/wp-json/oembed/1.0/embed9b44.json]
[writerity.com/jp/blog/system-ordering/sales-managementsystem-wholesale/feed/index.html]
[writerity.com/jp/blog/system-ordering/sales-managementsystem-wholesale.html]
[writerity.com/wp-json/oembed/1.0/embedc73e]
[writerity.com/wp-json/oembed/1.0/embed8c29.json]
[writerity.com/jp/blog/system-ordering/order-management-system/feed/index.html]
[writerity.com/jp/blog/system-ordering/order-management-system.html]
[writerity.com/wp-json/oembed/1.0/embeda529]
[writerity.com/wp-json/oembed/1.0/embedeb03.json]
[writerity.com/jp/blog/system-ordering/custom-ordering-system/feed/index.html]
[writerity.com/jp/blog/system-ordering/custom-ordering-system.html]
[writerity.com/wp-json/oembed/1.0/embed65ad]
[writerity.com/wp-json/oembed/1.0/embed1ef1.json]
[writerity.com/jp/blog/system-ordering/order-management-system-manufacturing/feed/index.html]
[writerity.com/jp/blog/system-ordering/order-management-system-manufacturing.html]
[writerity.com/wp-json/oembed/1.0/embed5b4f]
[writerity.com/wp-json/oembed/1.0/embed4c1f.json]
[writerity.com/jp/blog/system-ordering/order-management-system-cloud/feed/index.html]
[writerity.com/jp/blog/system-ordering/order-management-system-cloud.html]
[writerity.com/wp-json/oembed/1.0/embed0399]
[writerity.com/wp-json/oembed/1.0/embed2078.json]
[writerity.com/jp/blog/callcenter-outsourcing/telephone-answering-service-providers/feed/index.html]
[writerity.com/jp/blog/callcenter-outsourcing/telephone-answering-service-providers.html]
[writerity.com/wp-json/oembed/1.0/embeda829]
[writerity.com/wp-json/oembed/1.0/embed3968.json]
[writerity.com/jp/blog/callcenter-outsourcing/callcenter-agency-cheap/feed/index.html]
[writerity.com/jp/blog/callcenter-outsourcing/callcenter-agency-cheap.html]
[writerity.com/wp-json/oembed/1.0/embed0443]
[writerity.com/wp-json/oembed/1.0/embed5426.json]
[writerity.com/jp/blog/recruitment_callcenter/callcenter-outsourcing-advantages-disadvantages/feed/index.html]
[writerity.com/jp/blog/recruitment_callcenter/callcenter-outsourcing-advantages-disadvantages.html]
[writerity.com/wp-json/oembed/1.0/embed537f]
[writerity.com/wp-json/oembed/1.0/embed43c8.json]
[writerity.com/jp/blog/recruitment_callcenter/nighttime-callcenter-outsourcing/feed/index.html]
[writerity.com/jp/blog/recruitment_callcenter/nighttime-callcenter-outsourcing.html]
[writerity.com/index36ae.html]
[writerity.com/wp-json/oembed/1.0/embed702c]
[writerity.com/wp-json/oembed/1.0/embedbe52.json]
[writerity.com/wp-json/oembed/1.0/embedf3a1]
[writerity.com/wp-content/uploads/2025/11/kkrn_icon_user_2-300x300.png]
[writerity.com/wp-content/uploads/2025/11/kkrn_icon_user_5-300x300.png]
[writerity.com/wp-content/uploads/2025/11/kkrn_icon_user_4-300x300.png]
[writerity.com/jp/blog/index.html]
[writerity.com/jp/recruitment/infrastructure_engineer/index.html]
[writerity.com/category/volunteer/1st/index.html]
[writerity.com/category/volunteer/index.html]
[writerity.com/category/volunteer/2st/index.html]
[writerity.com/wp-json/oembed/1.0/embed13d5.json]
[writerity.com/jp/recruitment/ai-system-development-manager/index.html]
[writerity.com/jp/recruitment/callcenter/index.html]
[writerity.com/jp/http_/writerity.com/blog_list.html]
[writerity.com/indexe341.html]
[writerity.com/wp-json/oembed/1.0/embed36e1]
[writerity.com/wp-json/oembed/1.0/embed4281.json]
[writerity.com/jp/blog/design_designer/designer/designers-thoughts-working-abroad/feed/index.html]
[writerity.com/jp/blog/design_designer/designer/designers-thoughts-working-abroad.html]
[writerity.com/wp-json/oembed/1.0/embedd7ff]
[writerity.com/category/jp/design_designer/index.html]
[writerity.com/category/jp/design_designer/designer/index.html]
[writerity.com/tag/webデザイナー/index.html]
[writerity.com/tag/デザイナー/index.html]
[writerity.com/wp-json/oembed/1.0/embed1b49.json]
[writerity.com/tag/海外仕事/index.html]
[writerity.com/wp-json/oembed/1.0/embed16ec]
[writerity.com/jp/blog/design_designer/designer/designer_moving_abroad.html]
[writerity.com/tag/海外就職/index.html]
[writerity.com/tag/海外求人/index.html]
[writerity.com/tag/海外移住/index.html]
[writerity.com/tag/海外転職/index.html]
[writerity.com/jp/blog/design_designer/designer/designer_moving_abroad/feed/index.html]
[writerity.com/wp-json/oembed/1.0/embed1664.json]
[writerity.com/jp/blog/volunteer/2st/14day/index.html]
[writerity.com/jp/blog/design_designer/designer/web-designer-overseas-jobs/feed/index.html]
[writerity.com/jp/blog/design_designer/designer/web-designer-overseas-jobs.html]
[writerity.com/wp-json/oembed/1.0/embed2df1]
[writerity.com/wp-json/oembed/1.0/embed93d3.json]
[writerity.com/jp/blog/design_designer/designer/web-designer-emigration/feed/index.html]
[writerity.com/jp/blog/design_designer/designer/web-designer-emigration.html]
[writerity.com/wp-json/oembed/1.0/embedaa62]
[writerity.com/wp-json/oembed/1.0/embeda8c5.json]
[writerity.com/jp/blog/design_designer/designer/overseas-demand-web-designers/feed/index.html]
[writerity.com/jp/blog/design_designer/designer/overseas-demand-web-designers.html]
[writerity.com/indexd91b.html]
[writerity.com/index85e5.html]
[writerity.com/index6adc.html]
[writerity.com/wp-json/oembed/1.0/embeda27b]
[writerity.com/wp-json/oembed/1.0/embed3ec2.json]
[writerity.com/jp/blog/recruitment_callcenter/overseas-callcenter-japanese-only/feed/index.html]
[writerity.com/wp-json/oembed/1.0/embed36b2]
[writerity.com/jp/blog/recruitment_callcenter/overseas-callcenter-japanese-only.html]
[writerity.com/category/jp/recruitment_callcenter.html]
[writerity.com/wp-json/oembed/1.0/embed888d.json]
[writerity.com/jp/blog/recruitment_callcenter/why-callcenters-overseas/feed/index.html]
[writerity.com/jp/blog/recruitment_callcenter/why-callcenters-overseas.html]
[writerity.com/index33ce.html]
[writerity.com/index6480.html]
[writerity.com/wp-json/oembed/1.0/embed3bf0]
[writerity.com/indexbf2b.html]
[writerity.com/tag/order/index.html]
[writerity.com/tag/outsourcing/index.html]
[writerity.com/wp-json/oembed/1.0/embedd133]
[writerity.com/tag/request/index.html]
[writerity.com/tag/order/page/2/index.html]
[writerity.com/tag/outsourcing/page/2/index.html]
[writerity.com/tag/order/feed/index.html]
[writerity.com/tag/video/index.html]
[writerity.com/index11a6.html]
[writerity.com/tag/request/page/2/index.html]
[writerity.com/index3767.html]
[writerity.com/index7dd6.html]
[writerity.com/index5852.html]
[writerity.com/indexe1b9.html]
[writerity.com/tag/system-development/index.html]
[writerity.com/tag/web-app/index.html]
[writerity.com/tag/system-development/feed/index.html]
[writerity.com/tag/web-app/feed/index.html]
[writerity.com/indexe704.html]
[writerity.com/index7b72.html]
[writerity.com/index94de.html]
[writerity.com/index97f1.html]
[writerity.com/index5d21.html]
[writerity.com/tag/call-center/index.html]
[writerity.com/index1232.html]
[writerity.com/tag/call-center/feed/index.html]
[writerity.com/wp-content/uploads/2018/07/Logo_Writerity.png]
[writerity.com/category/news/page/2/index.html]
[writerity.com/wp-json/oembed/1.0/embed5b99.json]
[writerity.com/jp/blog/volunteer/1st/1day/feed/index.html]
[writerity.com/jp/blog/volunteer/1st/2day/index.html]
[writerity.com/wp-json/oembed/1.0/embede1bc]
[writerity.com/wp-content/uploads/2024/07/top.jpg]
[writerity.com/wp-content/uploads/2024/07/2-300x225.jpg]
[writerity.com/wp-content/uploads/2024/07/3-225x300.jpg]
[writerity.com/wp-content/uploads/2024/07/4-300x225.jpg]
[writerity.com/jp/blog/volunteer/1st/1day/index.html]
[writerity.com/index7ab0.html]
[writerity.com/tag/ohrid/index.html]
[writerity.com/tag/europe/index.html]
[writerity.com/tag/english/index.html]
[writerity.com/tag/オフリド/index.html]
[writerity.com/tag/ゲストハウス/index.html]
[writerity.com/tag/世界遺産/index.html]
[writerity.com/tag/北マケドニア/index.html]
[writerity.com/wp-content/uploads/2025/08/49ef72b19c9b2addea8db508ca9b00b7.jpg]
[writerity.com/tag/留学/index.html]
[writerity.com/wp-content/uploads/2024/11/0810-1.jpg]
[writerity.com/tag/英語/index.html]
[writerity.com/wp-content/uploads/2024/10/0809-1.jpg]
[writerity.com/wp-content/uploads/2024/10/0807-2.jpg]
[writerity.com/author/watanabe/page/2/index.html]
[writerity.com/author/watanabe/feed/index.html]
[writerity.com/wp-content/uploads/2024/09/0806-1.jpg]
[writerity.com/jp/blog/volunteer/2st/10day/index.html]
[writerity.com/jp/blog/volunteer/1st/33day/index.html]
[writerity.com/jp/blog/volunteer/1st/32day/index.html]
[writerity.com/wp-content/uploads/2024/09/0805-1.jpg]
[writerity.com/jp/blog/volunteer/1st/31day/index.html]
[writerity.com/jp/blog/volunteer/1st/29day/index.html]
[writerity.com/jp/blog/volunteer/1st/30day/index.html]
[writerity.com/wp-content/uploads/2024/08/0804-1.jpg]
[writerity.com/jp/blog/volunteer/1st/28day/index.html]
[writerity.com/wp-content/uploads/2024/08/0803-1.jpg]
[writerity.com/jp/blog/volunteer/1st/27day/index.html]
[writerity.com/jp/blog/volunteer/1st/26day/index.html]
[writerity.com/wp-content/uploads/2024/08/0802-1.jpg]
[writerity.com/author/watanabe/index.html]
[writerity.com/tag/スコピエ/index.html]
[writerity.com/tag/マケドニア/index.html]
[writerity.com/tag/ヨーロッパ/index.html]
[writerity.com/author/watanabe/page/3/index.html]
[writerity.com/tag/jetro/index.html]
[writerity.com/jp/blog/volunteer/1st/25day/index.html]
[writerity.com/tag/interview/index.html]
[writerity.com/author/watanabe/page/4/index.html]
[writerity.com/tag/jetro/feed/index.html]
[writerity.com/wp-content/uploads/2025/09/9bdf40befda56aded47d3d00bffed831.jpg]
[writerity.com/author/chinatsu/index.html]
[writerity.com/wp-content/uploads/2025/09/4.jpg]
[writerity.com/wp-content/uploads/2025/08/041c8e89b678b46731ac2144bc87c2e7.jpg]
[writerity.com/jp/blog/volunteer/2st/13day/index.html]
[writerity.com/jp/blog/volunteer/2st/12day/index.html]
[writerity.com/wp-content/uploads/2025/07/041c8e89b678b46731ac2144bc87c2e7-4.jpg]
[writerity.com/jp/blog/volunteer/2st/11day/index.html]
[writerity.com/wp-content/uploads/2025/07/49ef72b19c9b2addea8db508ca9b00b7-2.jpg]
[writerity.com/jp/blog/volunteer/2st/9day/index.html]
[writerity.com/wp-content/uploads/2025/07/49ef72b19c9b2addea8db508ca9b00b7-1.jpg]
[writerity.com/jp/blog/volunteer/2st/8day/index.html]
[writerity.com/wp-content/uploads/2025/07/49ef72b19c9b2addea8db508ca9b00b7.jpg]
[writerity.com/jp/blog/volunteer/2st/7day/index.html]
[writerity.com/jp/blog/volunteer/2st/6day/index.html]
[writerity.com/wp-content/uploads/2025/07/3.jpg]
[writerity.com/tag/macedonia/index.html]
[writerity.com/tag/macedonia/page/3/index.html]
[writerity.com/tag/skopje/index.html]
[writerity.com/tag/macedonia/page/5/index.html]
[writerity.com/jp/blog/volunteer/2st/5day/index.html]
[writerity.com/tag/skopje/feed/index.html]
[writerity.com/wp-json/oembed/1.0/embed286f.json]
[writerity.com/welcome-to-writerity/feed/index.html]
[writerity.com/welcome-to-writerity/index.html]
[writerity.com/jp/blog/system-ordering/crm-ma-tools/indexe4d0.html]
[writerity.com/category/jp/system-ordering/page/2/index.html]
[writerity.com/wp-json/oembed/1.0/embedbd2e]
[writerity.com/jp/blog/system-ordering/homemade-reservation-system]
[writerity.com/wp-json/oembed/1.0/embed7e38.json]
[writerity.com/jp/blog/system-ordering/in-house-system-selfmade/feed/index.html]
[writerity.com/jp/blog/system-ordering/in-house-system-selfmade.html]
[writerity.com/wp-json/oembed/1.0/embedb464]
[writerity.com/wp-json/oembed/1.0/embed3777.json]
[writerity.com/jp/blog/system-ordering/wordpress-plugin-development/feed/index.html]
[writerity.com/jp/blog/system-ordering/wordpress-plugin-development.html]
[writerity.com/wp-json/oembed/1.0/embedc59c]
[writerity.com/wp-json/oembed/1.0/embed20e2.json]
[writerity.com/jp/blog/system-ordering/wordpress-theme-development/feed/index.html]
[writerity.com/jp/blog/system-ordering/wordpress-theme-development.html]
[writerity.com/category/jp/news/page/2/index.html]
[writerity.com/category/jp/news/page/3/index.html]
[writerity.com/wp-json/oembed/1.0/embedfbc0]
[writerity.com/category/jp/news/page/5/index.html]
[writerity.com/category/jp/news/page/4/index.html]
[writerity.com/wp-content/uploads/2024/08/0718-1.jpg]
[writerity.com/category/jp/news/page/7/index.html]
[writerity.com/wp-content/uploads/2024/08/0717-2.jpg]
[writerity.com/jp/blog/volunteer/1st/10day/index.html]
[writerity.com/wp-content/uploads/2024/08/0716-4.jpg]
[writerity.com/jp/blog/volunteer/1st/9day/index.html]
[writerity.com/jp/blog/volunteer/1st/8day/index.html]
[writerity.com/wp-content/uploads/2024/08/0715_2.jpg]
[writerity.com/jp/blog/volunteer/1st/7day/index.html]
[writerity.com/wp-content/uploads/2024/08/0714-2.jpg]
[writerity.com/wp-content/uploads/2024/07/0713-2.jpg]
[writerity.com/jp/blog/volunteer/1st/6day/index.html]
[writerity.com/jp/blog/volunteer/1st/5day/index.html]
[writerity.com/wp-content/uploads/2024/07/0710_4.jpg]
[writerity.com/category/jp/news/page/8/index.html]
[writerity.com/author/yuki-takahira/page/2/index.html]
[writerity.com/author/yuki-takahira/page/3/index.html]
[writerity.com/category/jp/news/page/6/index.html]
[writerity.com/author/yuki-takahira/page/4/index.html]
[writerity.com/author/yuki-takahira/page/5/index.html]
[writerity.com/index364b.html]
[writerity.com/index782c.html]
[writerity.com/tag/デザイン/index.html]
[writerity.com/tag/動画/index.html]
[writerity.com/indexcad3.html]
[writerity.com/tag/画像/index.html]
[writerity.com/indexabaa.html]
[writerity.com/index869c.html]
[writerity.com/indexa08c.html]
[writerity.com/index0cb8.html]
[writerity.com/indexb283.html]
[writerity.com/index5584.html]
[writerity.com/index4063.html]
[writerity.com/indexb8b5.html]
[writerity.com/indexc5f6.html]
[writerity.com/index12f5.html]
[writerity.com/index9e12.html]
[writerity.com/indexafb1.html]
[writerity.com/index94da.html]
[writerity.com/index3559.html]
[writerity.com/wp-content/uploads/2025/07/060725ed7fb101197a974d02d24e5897.jpg]
[writerity.com/category/volunteer/2st/page/2/index.html]
[writerity.com/wp-content/uploads/2025/07/IMG_9155.jpg]
[writerity.com/category/volunteer/2st/feed/index.html]
[writerity.com/jp/blog/volunteer/2st/4day/index.html]
[writerity.com/wp-content/uploads/2025/07/697ae4aae771518228f18fd8be0e37b7.jpg]
[writerity.com/category/volunteer/2st/index.html]
[writerity.com/jp/blog/volunteer/2st/3day/index.html]
[writerity.com/jp/blog/volunteer/2st/2day/index.html]
[writerity.com/wp-content/uploads/2024/08/0801-1.jpg]
[writerity.com/category/volunteer/1st/page/2/index.html]
[writerity.com/category/volunteer/1st/feed/index.html]
[writerity.com/jp/blog/volunteer/1st/24day/index.html]
[writerity.com/wp-content/uploads/2024/08/0731-2.jpg]
[writerity.com/wp-content/uploads/2024/08/0730-2.jpg]
[writerity.com/jp/blog/volunteer/1st/23day/index.html]
[writerity.com/wp-content/uploads/2024/08/0729-1.jpg]
[writerity.com/jp/blog/volunteer/1st/22day/index.html]
[writerity.com/jp/blog/volunteer/1st/21day/index.html]
[writerity.com/wp-content/uploads/2024/08/0726-1.jpg]
[writerity.com/category/volunteer/1st/index.html]
[writerity.com/category/volunteer/index.html]
[writerity.com/index10a3.html]
[writerity.com/category/volunteer/page/2/index.html]
[writerity.com/category/volunteer/feed/index.html]
[writerity.com/category/volunteer/page/3/index.html]
[writerity.com/category/volunteer/1st/page/3/index.html]
[writerity.com/jp/blog/volunteer/1st/18day/index.html]
[writerity.com/category/volunteer/page/4/index.html]
[writerity.com/index726b.html]
[writerity.com/category/jp/design_designer/designer/index.html]
[writerity.com/category/jp/design_designer/index.html]
[writerity.com/tag/webデザイナー/index.html]
[writerity.com/tag/デザイナー/index.html]
[writerity.com/tag/海外仕事/index.html]
[writerity.com/tag/海外就職/index.html]
[writerity.com/tag/海外求人/index.html]
[writerity.com/tag/海外移住/index.html]
[writerity.com/tag/海外転職/index.html]
[writerity.com/wp-json/oembed/1.0/embed6337.json]
[writerity.com/category/jp/design_designer/designer/feed/index.html]
[writerity.com/category/jp/design_designer/feed/index.html]
[writerity.com/jp/blog/volunteer/2st/14day/feed/index.html]
[writerity.com/wp-json/oembed/1.0/embed8c2a]
[writerity.com/wp-content/uploads/2025/09/49ef72b19c9b2addea8db508ca9b00b7-2-300x251.jpg]
[writerity.com/wp-content/uploads/2025/09/20cfce153c6dcbd30dc35695758066ae-1-300x225.jpg]
[writerity.com/wp-content/uploads/2025/09/041c8e89b678b46731ac2144bc87c2e7-2-300x259.jpg]
[writerity.com/wp-content/uploads/2025/09/3d286c066077720590e492e614c9bbcc-1-300x276.jpg]
[writerity.com/wp-content/uploads/2025/09/588f5dc5c85286438783f2302a488dbe-1-283x300.jpg]
[writerity.com/wp-content/uploads/2025/09/8ec6a9c9f17f674d2b5aa83ddff080e1-2-300x225.jpg]
[writerity.com/jp/blog/volunteer/2st/14day/index.html]
[writerity.com/tag/north-macedonia/index.html]
[writerity.com/tag/northmacedonia/index.html]
[writerity.com/tag/海外/index.html]
[writerity.com/tag/ボランティア/index.html]
[writerity.com/index5707.html]
[writerity.com/index750b.html]
[writerity.com/index68dc.html]
[writerity.com/indexdff8.html]
[writerity.com/index6cb2.html]
[writerity.com/category/jp/recruitment_callcenter.html]
[writerity.com/category/jp/recruitment_callcenter/feed/index.html]
[writerity.com/indexc21f.html]
[writerity.com/tag/order/page/2/index.html]
[writerity.com/tag/outsourcing/page/2/index.html]
[writerity.com/tag/request/page/2/index.html]
[writerity.com/category/news/page/1/index.html]
[writerity.com/tag/outsourcing/feed/index.html]
[writerity.com/wp-json/oembed/1.0/embedcd36]
[writerity.com/jp/blog/volunteer/1st/2day/feed/index.html]
[writerity.com/wp-content/uploads/2024/07/0710_1-300x225.jpg]
[writerity.com/wp-content/uploads/2024/07/0710_2-300x225.jpg]
[writerity.com/wp-content/uploads/2024/07/0710_4-300x225.jpg]
[writerity.com/wp-content/uploads/2024/07/0710_5-300x225.jpg]
[writerity.com/jp/blog/volunteer/1st/2day/index.html]
[writerity.com/indexdee7.html]
[writerity.com/tag/english/index.html]
[writerity.com/tag/europe/index.html]
[writerity.com/tag/english/page/2/index.html]
[writerity.com/tag/ohrid/index.html]
[writerity.com/tag/english/page/3/index.html]
[writerity.com/tag/english/feed/index.html]
[writerity.com/tag/オフリド/index.html]
[writerity.com/tag/english/page/5/index.html]
[writerity.com/tag/ゲストハウス/index.html]
[writerity.com/tag/europe/page/2/index.html]
[writerity.com/tag/世界遺産/index.html]
[writerity.com/tag/europe/feed/index.html]
[writerity.com/tag/北マケドニア/index.html]
[writerity.com/tag/europe/page/3/index.html]
[writerity.com/tag/留学/index.html]
[writerity.com/tag/ohrid/page/2/index.html]
[writerity.com/tag/英語/index.html]
[writerity.com/tag/ohrid/feed/index.html]
[writerity.com/tag/europe/page/5/index.html]
[writerity.com/tag/ohrid/page/3/index.html]
[writerity.com/wp-content/uploads/2024/08/0728-4.jpg]
[writerity.com/jp/blog/volunteer/1st/20day/index.html]
[writerity.com/wp-content/uploads/2024/08/0727-1.jpg]
[writerity.com/jp/blog/volunteer/1st/19day/index.html]
[writerity.com/wp-content/uploads/2024/08/0725-2.jpg]
[writerity.com/wp-content/uploads/2024/08/0724-4.jpg]
[writerity.com/jp/blog/volunteer/1st/17day/index.html]
[writerity.com/jp/blog/volunteer/1st/16day/index.html]
[writerity.com/wp-content/uploads/2024/08/0723-1.jpg]
[writerity.com/author/watanabe/page/2/index.html]
[writerity.com/jp/blog/volunteer/1st/15day/index.html]
[writerity.com/wp-json/oembed/1.0/embed85f5.json]
[writerity.com/jp/blog/volunteer/2st/10day/feed/index.html]
[writerity.com/wp-json/oembed/1.0/embedc181]
[writerity.com/wp-content/uploads/2025/08/49ef72b19c9b2addea8db508ca9b00b7-300x251.jpg]
[writerity.com/wp-content/uploads/2025/08/20cfce153c6dcbd30dc35695758066ae-300x282.jpg]
[writerity.com/wp-content/uploads/2025/08/041c8e89b678b46731ac2144bc87c2e7-300x217.jpg]
[writerity.com/wp-content/uploads/2025/08/3d286c066077720590e492e614c9bbcc-300x201.jpg]
[writerity.com/jp/blog/volunteer/2st/10day/index.html]
[writerity.com/wp-json/oembed/1.0/embed93fd.json]
[writerity.com/jp/blog/volunteer/1st/33day/feed/index.html]
[writerity.com/wp-json/oembed/1.0/embed3f20]
[writerity.com/jp/blog/volunteer/2st/1day/index.html]
[assets.st-note.com/img/1732084515-npbTt5HyClz0K7jQ4osNZc9Lc011.jpg]
[assets.st-note.com/img/1732084515-npbTt5HyClz0K7jQ4osNZc9L75e4.jpg]
[writerity.com/jp/blog/volunteer/1st/33day/index.html]
[writerity.com/wp-json/oembed/1.0/embedbfb8.json]
[writerity.com/jp/blog/volunteer/1st/32day/feed/index.html]
[writerity.com/wp-json/oembed/1.0/embed3e4f]
[assets.st-note.com/img/1728884828-1J5CvyUjVl8HQODXnK7cs64Tc011.jpg]
[assets.st-note.com/img/1728884828-1J5CvyUjVl8HQODXnK7cs64T75e4.jpg]
[writerity.com/jp/blog/volunteer/1st/32day/index.html]
[writerity.com/wp-json/oembed/1.0/embed6a5f.json]
[writerity.com/jp/blog/volunteer/1st/31day/feed/index.html]
[writerity.com/wp-json/oembed/1.0/embedc443]
[assets.st-note.com/img/1727931715-Jf8oOjNyECkaA7bKiGL31FgMc011.jpg]
[assets.st-note.com/img/1727931715-Jf8oOjNyECkaA7bKiGL31FgM75e4.jpg]
[writerity.com/jp/blog/volunteer/1st/31day/index.html]
[writerity.com/wp-json/oembed/1.0/embed271d.json]
[writerity.com/jp/blog/volunteer/1st/30day/feed/index.html]
[writerity.com/wp-json/oembed/1.0/embeded0c]
[assets.st-note.com/img/1727762306-d6qb4JzIY9s8infuRNBOmDXTc011.jpg]
[assets.st-note.com/img/1727762306-d6qb4JzIY9s8infuRNBOmDXT75e4.jpg]
[assets.st-note.com/img/1727762316-teMNT95FY3dRAcqXHurExw1Jc011.jpg]
[assets.st-note.com/img/1727762316-teMNT95FY3dRAcqXHurExw1J75e4.jpg]
[writerity.com/jp/blog/volunteer/1st/30day/index.html]
[writerity.com/wp-json/oembed/1.0/embed92e9.json]
[writerity.com/jp/blog/volunteer/1st/29day/feed/index.html]
[writerity.com/wp-json/oembed/1.0/embeda19b]
[assets.st-note.com/img/1727071153-mOWJ7Gev9Ca4wPszcp0DQB8xc011.jpg]
[assets.st-note.com/img/1727071153-mOWJ7Gev9Ca4wPszcp0DQB8x75e4.jpg]
[writerity.com/jp/blog/volunteer/1st/29day/index.html]
[writerity.com/wp-json/oembed/1.0/embed6036.json]
[writerity.com/jp/blog/volunteer/1st/28day/feed/index.html]
[writerity.com/wp-json/oembed/1.0/embed6994]
[assets.st-note.com/img/1726804607-H2kZ8J7UNtqYdnSCBM6Xfhumc011.jpg]
[assets.st-note.com/img/1726804607-H2kZ8J7UNtqYdnSCBM6Xfhum75e4.jpg]
[writerity.com/jp/blog/volunteer/1st/28day/index.html]
[writerity.com/wp-json/oembed/1.0/embeda203.json]
[writerity.com/jp/blog/volunteer/1st/27day/feed/index.html]
[writerity.com/wp-json/oembed/1.0/embed62a4]
[assets.st-note.com/img/1726037595-AuEi20dh8xCUo6eny7T3cDLpc011.jpg]
[assets.st-note.com/img/1726037595-AuEi20dh8xCUo6eny7T3cDLp75e4.jpg]
[writerity.com/jp/blog/volunteer/1st/27day/index.html]
[writerity.com/wp-json/oembed/1.0/embeda6b0.json]
[writerity.com/jp/blog/volunteer/1st/26day/feed/index.html]
[writerity.com/wp-json/oembed/1.0/embeda1e0-2]
[assets.st-note.com/img/1725257862831-33Odv4abF6c011.jpg]
[assets.st-note.com/img/1725257862831-33Odv4abF675e4.jpg]
[writerity.com/jp/blog/volunteer/1st/26day/index.html]
[writerity.com/wp-json/oembed/1.0/embed1498.json]
[writerity.com/jp/blog/volunteer/1st/25day/feed/index.html]
[writerity.com/jp/blog/volunteer/1st/25day/index.html]
[writerity.com/wp-json/oembed/1.0/embed51e5]
[writerity.com/wp-content/uploads/2024/08/0722-2.jpg]
[writerity.com/wp-content/uploads/2024/08/0721-2.jpg]
[writerity.com/jp/blog/volunteer/1st/14day/index.html]
[writerity.com/wp-content/uploads/2024/08/0720-3.jpg]
[writerity.com/jp/blog/volunteer/1st/13day/index.html]
[writerity.com/wp-content/uploads/2024/08/0719-1.jpg]
[writerity.com/author/watanabe/page/3/index.html]
[writerity.com/author/watanabe/page/4/index.html]
[writerity.com/tag/interview/index.html]
[writerity.com/jp/blog/volunteer/1st/12day/index.html]
[writerity.com/jp/blog/volunteer/1st/11day/index.html]
[writerity.com/author/chinatsu/index.html]
[writerity.com/tag/interview/feed/index.html]
[writerity.com/wp-content/uploads/2025/09/49ef72b19c9b2addea8db508ca9b00b7-2.jpg]
[writerity.com/author/chinatsu/feed/index.html]
[writerity.com/wp-json/oembed/1.0/embed19cf]
[writerity.com/wp-content/uploads/2025/09/49ef72b19c9b2addea8db508ca9b00b7-1-300x178.jpg]
[writerity.com/jp/blog/volunteer/2st/13day/feed/index.html]
[writerity.com/wp-content/uploads/2025/09/20cfce153c6dcbd30dc35695758066ae-300x225.jpg]
[writerity.com/wp-content/uploads/2025/09/041c8e89b678b46731ac2144bc87c2e7-1-300x270.jpg]
[writerity.com/wp-content/uploads/2025/09/3d286c066077720590e492e614c9bbcc-300x211.jpg]
[writerity.com/wp-content/uploads/2025/09/588f5dc5c85286438783f2302a488dbe-300x237.jpg]
[writerity.com/wp-content/uploads/2025/09/8ec6a9c9f17f674d2b5aa83ddff080e1-1-300x283.jpg]
[writerity.com/wp-content/uploads/2025/09/9bdf40befda56aded47d3d00bffed831-300x300.jpg]
[writerity.com/jp/blog/volunteer/2st/13day/index.html]
[writerity.com/wp-json/oembed/1.0/embed6c0d.json]
[writerity.com/jp/blog/volunteer/2st/12day/feed/index.html]
[writerity.com/wp-json/oembed/1.0/embed4dcf]
[writerity.com/wp-content/uploads/2025/09/2-300x262.jpg]
[writerity.com/wp-content/uploads/2025/09/041c8e89b678b46731ac2144bc87c2e7-300x225.jpg]
[writerity.com/wp-content/uploads/2025/09/49ef72b19c9b2addea8db508ca9b00b7-300x163.jpg]
[writerity.com/wp-content/uploads/2025/09/5-300x125.jpg]
[writerity.com/wp-content/uploads/2025/09/4-300x231.jpg]
[writerity.com/wp-content/uploads/2025/09/8ec6a9c9f17f674d2b5aa83ddff080e1-245x300.jpg]
[writerity.com/jp/blog/volunteer/2st/12day/index.html]
[writerity.com/wp-json/oembed/1.0/embedd5a3.json]
[writerity.com/jp/blog/volunteer/2st/11day/feed/index.html]
[writerity.com/jp/blog/volunteer/2st/11day/index.html]
[writerity.com/wp-json/oembed/1.0/embed8c69]
[writerity.com/wp-json/oembed/1.0/embed2da2.json]
[writerity.com/jp/blog/volunteer/2st/9day/feed/index.html]
[writerity.com/wp-json/oembed/1.0/embed08c8]
[writerity.com/wp-content/uploads/2025/07/1-1-300x184.jpg]
[writerity.com/wp-content/uploads/2025/07/20cfce153c6dcbd30dc35695758066ae-4-300x218.jpg]
[writerity.com/wp-content/uploads/2025/07/041c8e89b678b46731ac2144bc87c2e7-4-300x278.jpg]
[writerity.com/jp/blog/volunteer/2st/9day/index.html]
[writerity.com/wp-json/oembed/1.0/embed7029.json]
[writerity.com/jp/blog/volunteer/2st/8day/feed/index.html]
[writerity.com/wp-json/oembed/1.0/embed2312]
[writerity.com/wp-content/uploads/2025/07/49ef72b19c9b2addea8db508ca9b00b7-2-300x225.jpg]
[writerity.com/wp-content/uploads/2025/07/20cfce153c6dcbd30dc35695758066ae-2-300x225.jpg]
[writerity.com/wp-content/uploads/2025/07/4-2-300x225.jpg]
[writerity.com/wp-content/uploads/2025/07/041c8e89b678b46731ac2144bc87c2e7-2-300x225.jpg]
[writerity.com/wp-content/uploads/2025/07/5-1-300x225.jpg]
[writerity.com/jp/blog/volunteer/2st/8day/index.html]
[writerity.com/wp-json/oembed/1.0/embed9903.json]
[writerity.com/jp/blog/volunteer/2st/7day/feed/index.html]
[writerity.com/wp-json/oembed/1.0/embed7a74]
[writerity.com/wp-content/uploads/2025/07/49ef72b19c9b2addea8db508ca9b00b7-3-300x190.jpg]
[writerity.com/wp-content/uploads/2025/07/20cfce153c6dcbd30dc35695758066ae-1-200x300.jpg]
[writerity.com/wp-content/uploads/2025/07/041c8e89b678b46731ac2144bc87c2e7-3-300x274.jpg]
[writerity.com/wp-content/uploads/2025/07/4_-300x205.jpg]
[writerity.com/wp-content/uploads/2025/07/588f5dc5c85286438783f2302a488dbe-225x300.jpg]
[writerity.com/jp/blog/volunteer/2st/7day/index.html]
[writerity.com/wp-json/oembed/1.0/embed62ad.json]
[writerity.com/jp/blog/volunteer/2st/6day/feed/index.html]
[writerity.com/wp-json/oembed/1.0/embed5d36]
[writerity.com/wp-content/uploads/2025/07/49ef72b19c9b2addea8db508ca9b00b7-300x210.jpg]
[writerity.com/wp-content/uploads/2025/07/20cfce153c6dcbd30dc35695758066ae-300x264.jpg]
[writerity.com/wp-content/uploads/2025/07/041c8e89b678b46731ac2144bc87c2e7-300x233.jpg]
[writerity.com/wp-content/uploads/2025/07/4-1-272x300.jpg]
[writerity.com/jp/blog/volunteer/2st/6day/index.html]
[writerity.com/wp-json/oembed/1.0/embed6154.json]
[writerity.com/jp/blog/volunteer/2st/5day/feed/index.html]
[writerity.com/wp-json/oembed/1.0/embed82d5]
[writerity.com/wp-content/uploads/2025/07/1-300x213.jpg]
[writerity.com/wp-content/uploads/2025/07/2-300x211.jpg]
[writerity.com/wp-content/uploads/2025/07/3-300x281.jpg]
[writerity.com/wp-content/uploads/2025/07/4-300x219.jpg]
[writerity.com/wp-content/uploads/2025/07/5-300x178.jpg]
[writerity.com/jp/blog/volunteer/2st/5day/index.html]
[writerity.com/tag/macedonia/page/3/index.html]
[writerity.com/tag/macedonia/page/5/index.html]
[writerity.com/index2206.html]
[writerity.com/category/jp/system-ordering/index.html]
[writerity.com/category/jp/system-ordering/page/1/index.html]
[writerity.com/wp-json/oembed/1.0/embed136b.json]
[writerity.com/tag/macedonia/page/4/index.html]
[writerity.com/jp/blog/system-ordering/homemade-reservation-system/feed/index.html]
[writerity.com/jp/blog/system-ordering/homemade-reservation-system]
[writerity.com/wp-json/oembed/1.0/embed27fa]
[writerity.com/indexc2f3.html]
[writerity.com/index0749.html]
[writerity.com/index112f.html]
[writerity.com/category/jp/news/page/1/index.html]
[writerity.com/category/jp/news/page/4/index.html]
[writerity.com/wp-content/uploads/2025/06/ad864ca1a91d1a87b45ff0400ed25282.jpg]
[writerity.com/category/jp/news/page/5/index.html]
[writerity.com/category/jp/news/page/7/index.html]
[writerity.com/wp-json/oembed/1.0/embedc22e.json]
[writerity.com/jp/blog/volunteer/1st/10day/feed/index.html]
[writerity.com/wp-json/oembed/1.0/embedb7ad]
[assets.st-note.com/img/1723238839544-QFaJ9tXd9yc011.jpg]
[assets.st-note.com/img/1723238839544-QFaJ9tXd9y75e4.jpg]
[writerity.com/jp/blog/volunteer/1st/10day/index.html]
[writerity.com/wp-json/oembed/1.0/embed4723.json]
[writerity.com/jp/blog/volunteer/1st/9day/feed/index.html]
[writerity.com/wp-json/oembed/1.0/embed1874]
[assets.st-note.com/img/1723120194254-h5OmBLYK1Fc011.jpg]
[assets.st-note.com/img/1723120194254-h5OmBLYK1F75e4.jpg]
[assets.st-note.com/img/1723120208330-dThBlDlA1pc011.jpg]
[assets.st-note.com/img/1723120208330-dThBlDlA1p75e4.jpg]
[writerity.com/jp/blog/volunteer/1st/9day/index.html]
[writerity.com/wp-json/oembed/1.0/embed3df1.json]
[writerity.com/jp/blog/volunteer/1st/8day/feed/index.html]
[writerity.com/wp-json/oembed/1.0/embeda28c]
[assets.st-note.com/img/1723012301201-snbPb1yOcFc011.jpg]
[assets.st-note.com/img/1723012301201-snbPb1yOcF75e4.jpg]
[assets.st-note.com/img/1723012331769-7K6c3hFw86c011.jpg]
[assets.st-note.com/img/1723012331769-7K6c3hFw8675e4.jpg]
[assets.st-note.com/img/1723012352870-9ztuvQAlxZc011.jpg]
[assets.st-note.com/img/1723012352870-9ztuvQAlxZ75e4.jpg]
[assets.st-note.com/img/1723012368400-RaqbXTZku3c011.jpg]
[assets.st-note.com/img/1723012368400-RaqbXTZku375e4.jpg]
[writerity.com/jp/blog/volunteer/1st/8day/index.html]
[writerity.com/wp-json/oembed/1.0/embed9919.json]
[writerity.com/jp/blog/volunteer/1st/7day/feed/index.html]
[writerity.com/wp-json/oembed/1.0/embed3659]
[assets.st-note.com/img/1723012690341-JfXa6TOV88c011.jpg]
[assets.st-note.com/img/1723012690341-JfXa6TOV8875e4.jpg]
[assets.st-note.com/img/1723012708050-c8D8EVuWoKc011.jpg]
[assets.st-note.com/img/1723012708050-c8D8EVuWoK75e4.jpg]
[writerity.com/jp/blog/volunteer/1st/7day/index.html]
[writerity.com/wp-json/oembed/1.0/embed9326.json]
[writerity.com/jp/blog/volunteer/1st/6day/feed/index.html]
[writerity.com/wp-json/oembed/1.0/embed372c]
[writerity.com/wp-content/uploads/2024/08/0714-1-e1722930658645-225x300.jpg]
[writerity.com/wp-content/uploads/2024/08/0714-2-300x225.jpg]
[writerity.com/jp/blog/volunteer/1st/6day/index.html]
[writerity.com/wp-json/oembed/1.0/embedb315.json]
[writerity.com/jp/blog/volunteer/1st/5day/feed/index.html]
[writerity.com/wp-json/oembed/1.0/embedec68]
[writerity.com/wp-content/uploads/2024/07/0713-1-300x225.jpg]
[writerity.com/wp-content/uploads/2024/07/0713-2-300x225.jpg]
[writerity.com/wp-content/uploads/2024/07/0713-3-300x225.jpg]
[writerity.com/jp/blog/volunteer/1st/5day/index.html]
[writerity.com/category/jp/news/page/6/index.html]
[writerity.com/jp/blog/system-ordering/wordpress-theme-development/page/2/index.html]
[writerity.com/author/yuki-takahira/page/1/index.html]
[writerity.com/author/yuki-takahira/page/4/index.html]
[writerity.com/blog/system-ordering/system-development-phase/page/3/index.html]
[writerity.com/category/volunteer/2st/page/2/index.html]
[writerity.com/wp-content/uploads/2025/07/060725ed7fb101197a974d02d24e5897-300x225.jpg]
[writerity.com/wp-content/uploads/2025/07/f5866b3e82975aa94d20ea3e08f6b79e-228x300.jpg]
[writerity.com/wp-content/uploads/2025/07/fa33ad13a4b55791f05c78ed2f5d929c-e1752730488659-225x300.jpg]
[writerity.com/jp/blog/volunteer/2st/4day/index.html]
[writerity.com/wp-json/oembed/1.0/embed0f09.json]
[writerity.com/jp/blog/volunteer/2st/3day/feed/index.html]
[writerity.com/wp-json/oembed/1.0/embed6a0e]
[writerity.com/wp-content/uploads/2025/07/IMG_9156-300x225.jpg]
[writerity.com/wp-content/uploads/2025/07/IMG_9155-300x239.jpg]
[writerity.com/wp-content/uploads/2025/07/IMG_9154-294x300.jpg]
[writerity.com/jp/blog/volunteer/2st/3day/index.html]
[writerity.com/wp-json/oembed/1.0/embedf21d.json]
[writerity.com/jp/blog/volunteer/2st/2day/feed/index.html]
[writerity.com/wp-json/oembed/1.0/embed1fee]
[writerity.com/wp-content/uploads/2025/07/697ae4aae771518228f18fd8be0e37b7-243x300.jpg]
[writerity.com/jp/blog/volunteer/2st/2day/index.html]
[writerity.com/category/volunteer/1st/page/2/index.html]
[writerity.com/wp-json/oembed/1.0/embed7dda.json]
[writerity.com/jp/blog/volunteer/1st/24day/feed/index.html]
[writerity.com/wp-json/oembed/1.0/embedd722]
[assets.st-note.com/img/1724935830847-UMDiEmaIHYc011.jpg]
[assets.st-note.com/img/1724935830847-UMDiEmaIHY75e4.jpg]
[writerity.com/jp/blog/volunteer/1st/24day/index.html]
[writerity.com/wp-json/oembed/1.0/embedcda6.json]
[writerity.com/jp/blog/volunteer/1st/23day/feed/index.html]
[writerity.com/wp-json/oembed/1.0/embed4382]
[assets.st-note.com/img/1724735532552-IijK43F03gc011.jpg]
[assets.st-note.com/img/1724735532552-IijK43F03g75e4.jpg]
[assets.st-note.com/img/1724735541483-Nie07D3FZac011.jpg]
[assets.st-note.com/img/1724735541483-Nie07D3FZa75e4.jpg]
[writerity.com/jp/blog/volunteer/1st/23day/index.html]
[writerity.com/wp-json/oembed/1.0/embed867c.json]
[writerity.com/jp/blog/volunteer/1st/22day/feed/index.html]
[writerity.com/wp-json/oembed/1.0/embedb585]
[assets.st-note.com/img/1724661966469-aNWDk6UPB5c011.jpg]
[assets.st-note.com/img/1724661966469-aNWDk6UPB575e4.jpg]
[assets.st-note.com/img/1724661985489-f36AB2lIYOc011.jpg]
[assets.st-note.com/img/1724661985489-f36AB2lIYO75e4.jpg]
[writerity.com/jp/blog/volunteer/1st/22day/index.html]
[writerity.com/wp-json/oembed/1.0/embedbab9.json]
[writerity.com/jp/blog/volunteer/1st/21day/feed/index.html]
[writerity.com/wp-json/oembed/1.0/embedf200]
[assets.st-note.com/img/1724392314164-Em76H7B2fpc011.jpg]
[assets.st-note.com/img/1724392314164-Em76H7B2fp75e4.jpg]
[writerity.com/jp/blog/volunteer/1st/21day/index.html]
[writerity.com/wp-json/oembed/1.0/embed7128.json]
[writerity.com/jp/blog/volunteer/1st/18day/feed/index.html]
[writerity.com/wp-json/oembed/1.0/embed9b54]
[assets.st-note.com/img/1724133186642-3Fp8atburnc011.jpg]
[assets.st-note.com/img/1724133186642-3Fp8atburn75e4.jpg]
[assets.st-note.com/img/1724133194243-UAYAhvgr2Kc011.jpg]
[assets.st-note.com/img/1724133194243-UAYAhvgr2K75e4.jpg]
[writerity.com/jp/blog/volunteer/1st/18day/index.html]
[writerity.com/category/volunteer/1st/page/3/index.html]
[writerity.com/category/volunteer/page/2/index.html]
[writerity.com/category/volunteer/page/3/index.html]
[writerity.com/category/volunteer/page/4/index.html]
[writerity.com/index0900.html]
[writerity.com/tag/north-macedonia/index.html]
[writerity.com/tag/northmacedonia/index.html]
[writerity.com/tag/north-macedonia/page/2/index.html]
[writerity.com/tag/north-macedonia/page/3/index.html]
[writerity.com/tag/ボランティア/index.html]
[writerity.com/tag/north-macedonia/feed/index.html]
[writerity.com/tag/海外/index.html]
[writerity.com/tag/north-macedonia/page/4/index.html]
[writerity.com/tag/order/page/1/index.html]
[writerity.com/tag/northmacedonia/page/2/index.html]
[writerity.com/tag/northmacedonia/page/3/index.html]
[writerity.com/tag/northmacedonia/feed/index.html]
[writerity.com/tag/outsourcing/page/1/index.html]
[writerity.com/tag/request/page/1/index.html]
[writerity.com/blog/image-video-outsourcing/video-production-specialist11a6]
[writerity.com/jp/blog/volunteer/1st/1day/indexdee7.html]
[writerity.com/tag/english/page/2/index.html]
[writerity.com/tag/northmacedonia/page/4/index.html]
[writerity.com/tag/english/page/3/index.html]
[writerity.com/tag/english/page/4/index.html]
[writerity.com/tag/english/page/5/index.html]
[writerity.com/tag/europe/page/2/index.html]
[writerity.com/tag/video/feed/index.html]
[writerity.com/tag/europe/page/3/index.html]
[writerity.com/tag/europe/page/5/index.html]
[writerity.com/tag/ohrid/page/2/index.html]
[writerity.com/wp-json/oembed/1.0/embed7345]
[writerity.com/tag/ohrid/page/3/index.html]
[writerity.com/jp/blog/volunteer/1st/24day/page/2/index.html]
[writerity.com/tag/ohrid/page/4/index.html]
[writerity.com/wp-json/oembed/1.0/embedecd6.json]
[writerity.com/jp/blog/volunteer/1st/20day/feed/index.html]
[writerity.com/wp-json/oembed/1.0/embed6dd0]
[assets.st-note.com/img/1724302998652-UA2zQmt023c011.jpg]
[assets.st-note.com/img/1724302998652-UA2zQmt02375e4.jpg]
[assets.st-note.com/img/1724303016009-5NxdzHcKoyc011.jpg]
[assets.st-note.com/img/1724303016009-5NxdzHcKoy75e4.jpg]
[assets.st-note.com/img/1724303035628-NeCja2eyhxc011.jpg]
[assets.st-note.com/img/1724303035628-NeCja2eyhx75e4.jpg]
[assets.st-note.com/img/1724303051300-HGUuMOBPZzc011.jpg]
[assets.st-note.com/img/1724303051300-HGUuMOBPZz75e4.jpg]
[writerity.com/jp/blog/volunteer/1st/20day/index.html]
[writerity.com/wp-json/oembed/1.0/embed910d.json]
[writerity.com/jp/blog/volunteer/1st/19day/feed/index.html]
[writerity.com/wp-json/oembed/1.0/embedc528]
[assets.st-note.com/img/1724216592574-YKGjDtoRd7c011.jpg]
[assets.st-note.com/img/1724216592574-YKGjDtoRd775e4.jpg]
[assets.st-note.com/img/1724216625409-96xNWkZdMGc011.jpg]
[assets.st-note.com/img/1724216625409-96xNWkZdMG75e4.jpg]
[writerity.com/jp/blog/volunteer/1st/19day/index.html]
[writerity.com/wp-json/oembed/1.0/embed5721.json]
[writerity.com/jp/blog/volunteer/1st/17day/feed/index.html]
[writerity.com/wp-json/oembed/1.0/embedeb3f]
[assets.st-note.com/img/1724045786449-Bv0FoxxdsAc011.jpg]
[assets.st-note.com/img/1724045786449-Bv0FoxxdsA75e4.jpg]
[assets.st-note.com/img/1724045810751-qRnyPEBovvc011.jpg]
[assets.st-note.com/img/1724045810751-qRnyPEBovv75e4.jpg]
[assets.st-note.com/img/1724045824347-uMgrWrRuY5c011.jpg]
[assets.st-note.com/img/1724045824347-uMgrWrRuY575e4.jpg]
[writerity.com/jp/blog/volunteer/1st/17day/index.html]
[writerity.com/wp-json/oembed/1.0/embedeb67.json]
[writerity.com/jp/blog/volunteer/1st/16day/feed/index.html]
[writerity.com/wp-json/oembed/1.0/embed6c54]
[assets.st-note.com/img/1723786633907-HIg6nGJIdIc011.jpg]
[assets.st-note.com/img/1723786633907-HIg6nGJIdI75e4.jpg]
[assets.st-note.com/img/1723786648465-Awn6czE1XFc011.jpg]
[assets.st-note.com/img/1723786648465-Awn6czE1XF75e4.jpg]
[assets.st-note.com/img/1723786669051-BbEEZhDshQc011.jpg]
[assets.st-note.com/img/1723786669051-BbEEZhDshQ75e4.jpg]
[assets.st-note.com/img/1723786697368-gsMR4sq7AMc011.jpg]
[assets.st-note.com/img/1723786697368-gsMR4sq7AM75e4.jpg]
[writerity.com/jp/blog/volunteer/1st/16day/index.html]
[writerity.com/wp-json/oembed/1.0/embedfa51.json]
[writerity.com/jp/blog/volunteer/1st/15day/feed/index.html]
[writerity.com/wp-json/oembed/1.0/embedb07d]
[assets.st-note.com/img/1723700166847-8ROtNzdBSYc011.jpg]
[assets.st-note.com/img/1723700166847-8ROtNzdBSY75e4.jpg]
[writerity.com/jp/blog/volunteer/1st/15day/index.html]
[writerity.com/author/watanabe/page/1/index.html]
[writerity.com/index1f19.html]
[writerity.com/wp-json/oembed/1.0/embed5cbd.json]
[writerity.com/jp/blog/volunteer/2st/1day/feed/index.html]
[writerity.com/jp/blog/volunteer/2st/1day/index.html]
[writerity.com/index7c6f.html]
[writerity.com/index5772.html]
[writerity.com/index1143.html]
[writerity.com/wp-json/oembed/1.0/embed5be7]
[writerity.com/index4c2b.html]
[writerity.com/index1e43.html]
[writerity.com/indexe61a.html]
[writerity.com/indexb708.html]
[writerity.com/index37a0.html]
[writerity.com/indexa346.html]
[writerity.com/jp/blog/volunteer/1st/14day/page/3/index.html]
[writerity.com/wp-json/oembed/1.0/embedd3d9.json]
[writerity.com/wp-json/oembed/1.0/embed8cb7]
[assets.st-note.com/img/1723612001218-ypFvpNU46pc011.jpg]
[assets.st-note.com/img/1723612001218-ypFvpNU46p75e4.jpg]
[assets.st-note.com/img/1723612083732-HKKuQDl55xc011.jpg]
[assets.st-note.com/img/1723612083732-HKKuQDl55x75e4.jpg]
[writerity.com/jp/blog/volunteer/1st/14day/index.html]
[writerity.com/wp-json/oembed/1.0/embed1e27.json]
[writerity.com/jp/blog/volunteer/1st/13day/feed/index.html]
[writerity.com/wp-json/oembed/1.0/embed9e30]
[assets.st-note.com/img/1723526598708-dOaq3GWv9Cc011.jpg]
[assets.st-note.com/img/1723526598708-dOaq3GWv9C75e4.jpg]
[assets.st-note.com/img/1723526619547-V0CI7qoky7c011.jpg]
[assets.st-note.com/img/1723526619547-V0CI7qoky775e4.jpg]
[assets.st-note.com/img/1723526631300-lSfCg27Ocqc011.jpg]
[assets.st-note.com/img/1723526631300-lSfCg27Ocq75e4.jpg]
[writerity.com/jp/blog/volunteer/1st/13day/index.html]
[writerity.com/wp-json/oembed/1.0/embed5065.json]
[writerity.com/jp/blog/volunteer/1st/12day/feed/index.html]
[writerity.com/wp-json/oembed/1.0/embed3847]
[assets.st-note.com/img/1723442183042-afIEfrbvECc011.jpg]
[assets.st-note.com/img/1723442183042-afIEfrbvEC75e4.jpg]
[assets.st-note.com/img/1723442191667-UlnxCLvsMmc011.jpg]
[assets.st-note.com/img/1723442191667-UlnxCLvsMm75e4.jpg]
[assets.st-note.com/img/1723442208240-fED0XjCTT3c011.jpg]
[assets.st-note.com/img/1723442208240-fED0XjCTT375e4.jpg]
[writerity.com/jp/blog/volunteer/1st/12day/index.html]
[writerity.com/wp-json/oembed/1.0/embedba0b.json]
[writerity.com/jp/blog/volunteer/1st/11day/feed/index.html]
[writerity.com/wp-json/oembed/1.0/embed3b09]
[assets.st-note.com/img/1723278928294-muX4ZV0DTmc011.jpg]
[assets.st-note.com/img/1723278928294-muX4ZV0DTm75e4.jpg]
[writerity.com/jp/blog/volunteer/1st/11day/index.html]
[writerity.com/jp/blog/volunteer/1st/2day/page/4/index.html]
[writerity.com/index56b1.html]
[writerity.com/tag/macedonia/page/2/index.html]
[writerity.com/tag/macedonia/feed/index.html]
[writerity.com/index910c.html]
[writerity.com/author/chinatsu/page/2/index.html]
[writerity.com/index94aa.html]
[writerity.com/indexd328.html]
[writerity.com/indexca8d.html]
[writerity.com/index823c.html]
[writerity.com/wp-json/oembed/1.0/embed0623]
[writerity.com/index61dc.html]
[writerity.com/index329a.html]
[writerity.com/tag/macedonia/page/4/index.html]
[writerity.com/tag/macedonia/page/1/index.html]
[writerity.com/index5f16.html]
[writerity.com/indexf2f9.html]
[writerity.com/indexff79.html]
[writerity.com/indexb461.html]
[writerity.com/indexe1c5.html]
[writerity.com/indexd203.html]
[writerity.com/indexd8ec.html]
[writerity.com/jp/blog/system-ordering/wordpress-theme-development/index.html]
[writerity.com/blog/system-ordering/system-development-steps/page/4/index.html]
[writerity.com/blog/system-ordering/system-development-phase/index.html]
[writerity.com/jp/blog/callcenter-outsourcing/callcenter-agency-cheap/page/5/index.html]
[writerity.com/indexbe28.html]
[writerity.com/indexc8c5.html]
[writerity.com/indexfc2c.html]
[writerity.com/jp/blog/volunteer/2st/4day/feed/index.html]
[writerity.com/category/volunteer/1st/page/1/index.html]
[writerity.com/index4829.html]
[writerity.com/index5b0e.html]
[writerity.com/wp-json/oembed/1.0/embedbf2b]
[writerity.com/index675f.html]
[writerity.com/index3ab5.html]
[writerity.com/indexf91e.html]
[writerity.com/category/volunteer/page/1/index.html]
[writerity.com/jp/blog/volunteer/2st/14day/index0900.html]
[writerity.com/tag/north-macedonia/page/2/index.html]
[writerity.com/tag/north-macedonia/page/3/index.html]
[writerity.com/tag/north-macedonia/page/4/index.html]
[writerity.com/tag/northmacedonia/page/2/index.html]
[writerity.com/tag/northmacedonia/page/3/index.html]
[writerity.com/tag/northmacedonia/page/4/index.html]
[writerity.com/tag/request/feed/index.html]
[writerity.com/tag/english/page/1/index.html]
[writerity.com/tag/english/page/4/index.html]
[writerity.com/tag/europe/page/1/index.html]
[writerity.com/tag/ohrid/page/4/index.html]
[writerity.com/indexf170.html]
[writerity.com/index5ada.html]
[writerity.com/index7748.html]
[writerity.com/index8aa9.html]
[writerity.com/tag/ohrid/page/5/index.html]
[writerity.com/index94e2.html]
[writerity.com/jp/blog/volunteer/2st/10day/index1f19.html]
[writerity.com/index4fc8.html]
[writerity.com/jp/blog/volunteer/1st/33day/index7c6f.html]
[writerity.com/jp/blog/volunteer/1st/32day/index5772.html]
[writerity.com/jp/blog/volunteer/1st/31day/index1143.html]
[writerity.com/jp/blog/volunteer/1st/30day/index4c2b.html]
[writerity.com/jp/blog/volunteer/1st/27day/indexb708.html]
[writerity.com/jp/blog/volunteer/1st/26day/index37a0.html]
[writerity.com/index0398.html]
[writerity.com/indexe547.html]
[writerity.com/index3165.html]
[writerity.com/index04a1.html]
[writerity.com/jp/blog/volunteer/1st/14day/feed/index.html]
[writerity.com/tag/macedonia/page/2/index.html]
[writerity.com/author/chinatsu/page/2/index.html]
[writerity.com/jp/blog/volunteer/2st/13day/index56b1.html]
[writerity.com/jp/blog/volunteer/2st/12day/index910c.html]
[writerity.com/jp/blog/volunteer/2st/8day/indexca8d.html]
[writerity.com/jp/blog/volunteer/2st/7day/index823c.html]
[writerity.comwp-content/uploads/2018/07/41827753_10156566730173326_5553669726233690112_n-300x180.jpg]
[writerity.comwp-content/uploads/2018/07/2BFDEE47-3780-40D3-9E39-BE8063787370-e15305469113081-300x225.jpg]
[writerity.com/jp/blog/volunteer/1st/10day/indexf2f9.html]
[writerity.com/jp/blog/volunteer/1st/9day/indexff79.html]
[writerity.com/jp/blog/volunteer/1st/8day/indexb461.html]
[writerity.com/jp/blog/volunteer/1st/7day/indexe1c5.html]
[writerity.com/category/volunteer/2st/page/1/index.html]
[writerity.com/jp/blog/volunteer/2st/4day/indexbe28.html]
[writerity.com/jp/blog/volunteer/2st/2day/indexfc2c.html]
[writerity.com/jp/blog/volunteer/1st/23day/index5b0e.html]
[writerity.com/jp/blog/volunteer/1st/21day/index3ab5.html]
[writerity.com/jp/blog/volunteer/1st/18day/indexf91e.html]
[writerity.com/indexa583.html]
[writerity.com/wp-json/oembed/1.0/embed7ca7]
[writerity.com/tag/ohrid/page/1/index.html]
[writerity.com/tag/ohrid/page/5/index.html]
[writerity.com/jp/blog/volunteer/1st/20day/indexf170.html]
[writerity.com/jp/blog/volunteer/1st/19day/index5ada.html]
[writerity.com/jp/blog/volunteer/1st/16day/index8aa9.html]
[writerity.com/tag/europe/page/4/index.html]
[writerity.com/jp/blog/volunteer/1st/28day/indexe61a.html]
[writerity.com/jp/blog/volunteer/1st/25day/indexa346.html]
[writerity.com/jp/blog/volunteer/1st/13day/indexe547.html]
[writerity.com/author/chinatsu/page/1/index.html]
[writerity.com/jp/blog/volunteer/2st/11day/index94aa.html]
[writerity.com/jp/blog/volunteer/2st/9day/indexd328.html]
[writerity.com/jp/blog/volunteer/2st/5day/index329a.html]
[writerity.com/jp/blog/callcenter-outsourcing/callcenter-agency-cheap/index.html]
[writerity.com/jp/blog/volunteer/2st/3day/indexc8c5.html]
[writerity.com/jp/blog/volunteer/1st/22day/index675f.html]
[writerity.com/tag/europe/page/4/index.html]
[writerity.com/jp/blog/volunteer/1st/15day/index94e2.html]
[writerity.com/jp/blog/volunteer/2st/1day/index4fc8.html]
[writerity.com/jp/blog/volunteer/1st/29day/index1e43.html]
[writerity.com/jp/blog/volunteer/1st/12day/index3165.html]
[writerity.com/jp/blog/volunteer/2st/6day/index61dc.html]
[writerity.com/jp/blog/volunteer/1st/6day/indexd203.html]
[writerity.com/jp/blog/volunteer/1st/5day/indexd8ec.html]
[writerity.com/blog/system-ordering/system-development-steps/index.html]
[writerity.com/jp/blog/volunteer/1st/24day/index4829.html]
[writerity.com/tag/north-macedonia/page/1/index.html]
[writerity.com/tag/northmacedonia/page/1/index.html]
[writerity.com/jp/blog/volunteer/1st/17day/index7748.html]
[writerity.com/jp/blog/volunteer/1st/14day/index0398.html]
[writerity.com/jp/blog/volunteer/1st/11day/index04a1.html]
[writerity.com/jp/blog/volunteer/2st/3day/page/2/index.html]
